// Jest Snapshot v1, https://goo.gl/fbAQLP

exports[`Input react component Matches earlier configuration 1`] = `
<View>
  <Label
    htmlFor={NaN}
    required={false}
  />
  <TextInput
    id={NaN}
  />
</View>
`;
