// Jest Snapshot v1, https://goo.gl/fbAQLP

exports[`Styles Matches previous settings 1`] = `
"function InjectGlobalStyles() {
  _styledComponents.injectGlobal\`
  * {
    box-sizing: border-box;
    margin: 0;
    padding: 0;
  }

  *::after, *::before {
    box-sizing: inherit;
  }
\`;
}"
`;
