// Jest Snapshot v1, https://goo.gl/fbAQLP

exports[`Input react component Matches earlier configuration 1`] = `
<View__View>
  <Label__Label
    htmlFor={NaN}
    required={false}
  />
  <TextInput__Text
    id={NaN}
  />
</View__View>
`;
