// Jest Snapshot v1, https://goo.gl/fbAQLP

exports[`Label tag Matches earlier configuration 1`] = `
<label
  className="sc-bdVaJa QTUjL"
/>
`;

exports[`Label tag Matches earlier configuration if required is passed 1`] = `
<label
  className="sc-bdVaJa gPpDMU"
  required={true}
/>
`;
