// Jest Snapshot v1, https://goo.gl/fbAQLP

exports[`TextInput tag Matches earlier configuration 1`] = `
<input
  className=""
/>
`;
