// Jest Snapshot v1, https://goo.gl/fbAQLP

exports[`Wrapper tag Matches earlier configuration 1`] = `
<div
  className=""
/>
`;
