// Jest Snapshot v1, https://goo.gl/fbAQLP

exports[`Welcome react component Matches earlier configuration 1`] = `
<styled.div>
  <styled.h1 />
  <styled.p>
    You're logged in as 
  </styled.p>
  <styled.button
    alternative={true}
  >
    Log out
  </styled.button>
</styled.div>
`;
