// Jest Snapshot v1, https://goo.gl/fbAQLP

exports[`Input react component Matches earlier configuration 1`] = `
<styled.div>
  <styled.label
    htmlFor={undefined}
    required={false}
  />
  <styled.input />
</styled.div>
`;
