// Jest Snapshot v1, https://goo.gl/fbAQLP

exports[`Root.dev Initiates 1`] = `[Function]`;
