// Jest Snapshot v1, https://goo.gl/fbAQLP

exports[`Root Initiates 1`] = `[Function]`;
