// Jest Snapshot v1, https://goo.gl/fbAQLP

exports[`Iframe tag Matches earlier configuration 1`] = `
.NyIwm {
  height: 500px;
  border: 0;
  filter: invert() hue-rotate(180deg);
}

<iframe
  className="Iframe__Iframe-hXkCjZ NyIwm"
/>
`;
