// Jest Snapshot v1, https://goo.gl/fbAQLP

exports[`Title tag Matches earlier configuration 1`] = `
.gxinMP {
  font-family: -apple-system, BlinkMacSystemFont, "Segoe UI", Roboto, Helvetica, Arial, sans-serif, "Apple Color Emoji", "Segoe UI Emoji", "Segoe UI Symbol";
  font-size: 2.824rem;
  font-weight: 500;
  letter-spacing: 0.006em;
  line-height: 1.04167;
}

<h1
  className="Title__Title-lbDhID gxinMP"
/>
`;
