// Jest Snapshot v1, https://goo.gl/fbAQLP

exports[`Iframe tag Matches earlier configuration 1`] = `
.HaLVb {
  border: 0;
  margin-left: calc(-50vw + 50%);
  margin-right: calc(-50vw + 50%);
  filter: invert();
}

<iframe
  className="Iframe__Iframe-hXkCjZ HaLVb"
/>
`;
