// Jest Snapshot v1, https://goo.gl/fbAQLP

exports[`TitleH3 tag Matches earlier configuration 1`] = `
.bXBjdj {
  font-family: -apple-system, BlinkMacSystemFont, "Segoe UI", Roboto, Helvetica, Arial, sans-serif, "Apple Color Emoji", "Segoe UI Emoji", "Segoe UI Symbol";
  font-size: 2rem;
  line-height: 1.09375;
  font-weight: 500;
  letter-spacing: 0.011em;
}

<h1
  className="TitleH3__TitleH3-jUefWF bXBjdj"
/>
`;
