// Jest Snapshot v1, https://goo.gl/fbAQLP

exports[`TitleH2 tag Matches earlier configuration 1`] = `
.jBxvTF {
  font-family: -apple-system, BlinkMacSystemFont, "Segoe UI", Roboto, Helvetica, Arial, sans-serif, "Apple Color Emoji", "Segoe UI Emoji", "Segoe UI Symbol";
  font-size: 2.500rem;
  line-height: 1.05;
  font-weight: 500;
  letter-spacing: 0.008em;
}

<h2
  className="TitleH2__TitleH2-dymhMn jBxvTF"
/>
`;
